lcd16x2.c:32:6:lcd16x2_init	16	static
lcd16x2.c:104:6:lcd16x2_write_command	16	static
lcd16x2.c:117:6:lcd16x2_write_data	16	static
lcd16x2.c:130:6:lcd16x2_clrscr	8	static
lcd16x2.c:142:6:lcd16x2_home	8	static
lcd16x2.c:155:6:lcd16x2_gotoxy	16	static
lcd16x2.c:177:9:lcd16x2_getxy	8	static
lcd16x2.c:189:6:lcd16x2_entry_inc	8	static
lcd16x2.c:202:6:lcd16x2_entry_dec	8	static
lcd16x2.c:215:6:lcd16x2_entry_inc_shift	8	static
lcd16x2.c:228:6:lcd16x2_entry_dec_shift	8	static
lcd16x2.c:241:6:lcd16x2_display_on	8	static
lcd16x2.c:255:6:lcd16x2_display_off	8	static
lcd16x2.c:269:6:lcd16x2_cursor_on	8	static
lcd16x2.c:283:6:lcd16x2_cursor_off	8	static
lcd16x2.c:297:6:lcd16x2_blink_on	8	static
lcd16x2.c:311:6:lcd16x2_blink_off	8	static
lcd16x2.c:325:6:lcd16x2_display_shift_left	8	static
lcd16x2.c:338:6:lcd16x2_display_shift_right	8	static
lcd16x2.c:351:6:lcd16x2_cursor_shift_left	8	static
lcd16x2.c:364:6:lcd16x2_cursor_shift_right	8	static
lcd16x2.c:377:6:lcd16x2_putc	24	static
lcd16x2.c:411:6:lcd16x2_puts	16	static
lcd16x2.c:426:6:lcd16x2_create_custom_char	24	static
lcd16x2.c:452:6:lcd16x2_put_custom_char	16	static
lcd16x2.c:466:13:lcd16x2_toggle_e	8	static
lcd16x2.c:485:13:lcd16x2_write	16	static
lcd16x2.c:541:16:lcd16x2_read	24	static
lcd16x2.c:599:16:lcd16x2_wait_busy	8	static
lcd16x2.c:618:13:lcd16x2_new_line	24	static
